/home/arthur/y3/icr/.venv/lib/python3.10/site-packages/juliacall/__init__.py:61: UserWarning: torch was imported before juliacall. This may cause a segfault. To avoid this, import juliacall before importing torch. For updates, see https://github.com/pytorch/pytorch/issues/78829.
  warnings.warn(
[MF] Building full-Bloch ground-truth probe env …

[MF] ===== stage 0: analytic  (cheap) =====
Using cpu device
Logging to runs/e2/mf_smoke/tb/analytic/PPO_1
---------------------------------
| rollout/           |          |
|    ep_len_mean     | 5.33     |
|    ep_rew_mean     | 0.246    |
| time/              |          |
|    fps             | 11       |
|    iterations      | 1        |
|    time_elapsed    | 21       |
|    total_timesteps | 256      |
---------------------------------
[MF analytic @ 512] MAPE_f=88.72% MAPE_full=100.00% bias=-11.28% rankcorr=None → stay
[E2] ~0.2h remaining (3488 steps left @ 0.17s/step)
------------------------------------------
| rollout/                |              |
|    ep_len_mean          | 5.21         |
|    ep_rew_mean          | 0.226        |
| time/                   |              |
|    eta_hours            | 0.165        |
|    fps                  | 7            |
|    iterations           | 2            |
|    sec_per_step         | 0.171        |
|    time_elapsed         | 65           |
|    total_timesteps      | 512          |
| train/                  |              |
|    approx_kl            | 0.0051351725 |
|    clip_fraction        | 0.0238       |
|    clip_range           | 0.2          |
|    entropy_loss         | -4.26        |
|    explained_variance   | -0.171       |
|    learning_rate        | 0.0001       |
|    loss                 | 0.626        |
|    n_updates            | 10           |
|    policy_gradient_loss | -0.0137      |
|    std                  | 0.999        |
|    value_loss           | 1.49         |
------------------------------------------
[E2] ~0.1h remaining (3232 steps left @ 0.13s/step)
------------------------------------------
| rollout/                |              |
|    ep_len_mean          | 5.18         |
|    ep_rew_mean          | 0.218        |
| time/                   |              |
|    eta_hours            | 0.115        |
|    fps                  | 10           |
|    iterations           | 3            |
|    sec_per_step         | 0.128        |
|    time_elapsed         | 73           |
|    total_timesteps      | 768          |
| train/                  |              |
|    approx_kl            | 0.0050505362 |
|    clip_fraction        | 0.0156       |
|    clip_range           | 0.2          |
|    entropy_loss         | -4.25        |
|    explained_variance   | 0.0714       |
|    learning_rate        | 0.0001       |
|    loss                 | 0.39         |
|    n_updates            | 20           |
|    policy_gradient_loss | -0.0134      |
|    std                  | 0.999        |
|    value_loss           | 1.15         |
------------------------------------------
[MF analytic @ 1024] MAPE_f=100.00% MAPE_full=100.00% bias=+0.00% rankcorr=None → stay
[E2] ~0.1h remaining (2976 steps left @ 0.10s/step)
------------------------------------------
| rollout/                |              |
|    ep_len_mean          | 5.26         |
|    ep_rew_mean          | 0.205        |
| time/                   |              |
|    eta_hours            | 0.0832       |
|    fps                  | 12           |
|    iterations           | 4            |
|    sec_per_step         | 0.101        |
|    time_elapsed         | 82           |
|    total_timesteps      | 1024         |
| train/                  |              |
|    approx_kl            | 0.0077578323 |
|    clip_fraction        | 0.032        |
|    clip_range           | 0.2          |
|    entropy_loss         | -4.25        |
|    explained_variance   | 0.0597       |
|    learning_rate        | 0.0001       |
|    loss                 | 0.499        |
|    n_updates            | 30           |
|    policy_gradient_loss | -0.0155      |
|    std                  | 0.998        |
|    value_loss           | 0.996        |
------------------------------------------
[E2] ~0.1h remaining (2720 steps left @ 0.08s/step)
-----------------------------------------
| rollout/                |             |
|    ep_len_mean          | 5.26        |
|    ep_rew_mean          | 0.209       |
| time/                   |             |
|    eta_hours            | 0.0594      |
|    fps                  | 14          |
|    iterations           | 5           |
|    sec_per_step         | 0.0786      |
|    time_elapsed         | 89          |
|    total_timesteps      | 1280        |
| train/                  |             |
|    approx_kl            | 0.007017578 |
|    clip_fraction        | 0.025       |
|    clip_range           | 0.2         |
|    entropy_loss         | -4.25       |
|    explained_variance   | 0.0192      |
|    learning_rate        | 0.0001      |
|    loss                 | 0.164       |
|    n_updates            | 40          |
|    policy_gradient_loss | -0.0158     |
|    std                  | 0.997       |
|    value_loss           | 0.578       |
-----------------------------------------
[MF analytic @ 1536] MAPE_f=100.00% MAPE_full=100.00% bias=+0.00% rankcorr=None → stay
[E2] ~0.0h remaining (2464 steps left @ 0.07s/step)
----------------------------------------
| rollout/                |            |
|    ep_len_mean          | 5.26       |
|    ep_rew_mean          | 0.237      |
| time/                   |            |
|    eta_hours            | 0.0456     |
|    fps                  | 15         |
|    iterations           | 6          |
|    sec_per_step         | 0.0666     |
|    time_elapsed         | 99         |
|    total_timesteps      | 1536       |
| train/                  |            |
|    approx_kl            | 0.01122022 |
|    clip_fraction        | 0.0477     |
|    clip_range           | 0.2        |
|    entropy_loss         | -4.25      |
|    explained_variance   | 0.0779     |
|    learning_rate        | 0.0001     |
|    loss                 | 0.646      |
|    n_updates            | 50         |
|    policy_gradient_loss | -0.0203    |
|    std                  | 0.996      |
|    value_loss           | 1.03       |
----------------------------------------
[E2] ~0.0h remaining (2208 steps left @ 0.06s/step)
----------------------------------------
| rollout/                |            |
|    ep_len_mean          | 5.13       |
|    ep_rew_mean          | 0.277      |
| time/                   |            |
|    eta_hours            | 0.0341     |
|    fps                  | 16         |
|    iterations           | 7          |
|    sec_per_step         | 0.0556     |
|    time_elapsed         | 106        |
|    total_timesteps      | 1792       |
| train/                  |            |
|    approx_kl            | 0.01443072 |
|    clip_fraction        | 0.0973     |
|    clip_range           | 0.2        |
|    entropy_loss         | -4.24      |
|    explained_variance   | 0.0822     |
|    learning_rate        | 0.0001     |
|    loss                 | 0.666      |
|    n_updates            | 60         |
|    policy_gradient_loss | -0.0223    |
|    std                  | 0.994      |
|    value_loss           | 1.14       |
----------------------------------------
[E2 eval @ step 2000]  MAPE=94.46%  p90=100.00%  success(<5%)=0.0%  mean_scan_time=104.5s
[E2 eval]  → new best MAPE 94.46% saved to runs/e2/mf_smoke/stage0_analytic/best
/home/arthur/y3/icr/.venv/lib/python3.10/site-packages/numpy/lib/_function_base_impl.py:3045: RuntimeWarning: invalid value encountered in divide
  c /= stddev[:, None]
/home/arthur/y3/icr/.venv/lib/python3.10/site-packages/numpy/lib/_function_base_impl.py:3046: RuntimeWarning: invalid value encountered in divide
  c /= stddev[None, :]
[MF analytic @ 2048] MAPE_f=100.00% MAPE_full=100.00% bias=+0.00% rankcorr=None → PROMOTE(target_plateau)
[MF] stage analytic done in 2.0 min

[MF] ===== stage 1: cached  (cheap) =====
[MF] cached warm-start full-sim MAPE_pre=100.00%  (gap vs prev final: 0.0%)
Logging to runs/e2/mf_smoke/tb/analytic/PPO_1
[E2 eval @ step 2049]  MAPE=100.00%  p90=100.00%  success(<5%)=0.0%  mean_scan_time=105.6s
[E2 eval]  → new best MAPE 100.00% saved to runs/e2/mf_smoke/stage1_cached/best
[E2] ~0.0h remaining (1696 steps left @ 0.07s/step)
---------------------------------
| rollout/           |          |
|    ep_len_mean     | 5.33     |
|    ep_rew_mean     | 0.189    |
| time/              |          |
|    eta_hours       | 0.0321   |
|    fps             | 13       |
|    iterations      | 1        |
|    sec_per_step    | 0.0682   |
|    time_elapsed    | 19       |
|    total_timesteps | 2304     |
---------------------------------
[MF cached @ 2560] MAPE_f=100.00% MAPE_full=100.00% bias=+0.00% rankcorr=None → stay
[E2] ~0.0h remaining (1440 steps left @ 0.07s/step)
-----------------------------------------
| rollout/                |             |
|    ep_len_mean          | 5.46        |
|    ep_rew_mean          | 0.0269      |
| time/                   |             |
|    eta_hours            | 0.0261      |
|    fps                  | 14          |
|    iterations           | 2           |
|    sec_per_step         | 0.0652      |
|    time_elapsed         | 34          |
|    total_timesteps      | 2560        |
| train/                  |             |
|    approx_kl            | 0.006328755 |
|    clip_fraction        | 0.0375      |
|    clip_range           | 0.2         |
|    entropy_loss         | -4.24       |
|    explained_variance   | -1.09       |
|    learning_rate        | 0.0001      |
|    loss                 | 0.115       |
|    n_updates            | 80          |
|    policy_gradient_loss | -0.00962    |
|    std                  | 0.994       |
|    value_loss           | 0.637       |
-----------------------------------------
[E2] ~0.0h remaining (1184 steps left @ 0.06s/step)
------------------------------------------
| rollout/                |              |
|    ep_len_mean          | 5.54         |
|    ep_rew_mean          | 0.0061       |
| time/                   |              |
|    eta_hours            | 0.0199       |
|    fps                  | 16           |
|    iterations           | 3            |
|    sec_per_step         | 0.0607       |
|    time_elapsed         | 47           |
|    total_timesteps      | 2816         |
| train/                  |              |
|    approx_kl            | 0.0076850755 |
|    clip_fraction        | 0.0332       |
|    clip_range           | 0.2          |
|    entropy_loss         | -4.24        |
|    explained_variance   | -0.11        |
|    learning_rate        | 0.0001       |
|    loss                 | 0.0627       |
|    n_updates            | 90           |
|    policy_gradient_loss | -0.0132      |
|    std                  | 0.994        |
|    value_loss           | 0.713        |
------------------------------------------
[MF cached @ 3072] MAPE_f=100.00% MAPE_full=100.00% bias=+0.00% rankcorr=None → stay
[E2] ~0.0h remaining (928 steps left @ 0.06s/step)
-----------------------------------------
| rollout/                |             |
|    ep_len_mean          | 5.67        |
|    ep_rew_mean          | 0.00561     |
| time/                   |             |
|    eta_hours            | 0.0157      |
|    fps                  | 16          |
|    iterations           | 4           |
|    sec_per_step         | 0.061       |
|    time_elapsed         | 63          |
|    total_timesteps      | 3072        |
| train/                  |             |
|    approx_kl            | 0.014131822 |
|    clip_fraction        | 0.0531      |
|    clip_range           | 0.2         |
|    entropy_loss         | -4.24       |
|    explained_variance   | -0.0659     |
|    learning_rate        | 0.0001      |
|    loss                 | 0.128       |
|    n_updates            | 100         |
|    policy_gradient_loss | -0.0142     |
|    std                  | 0.993       |
|    value_loss           | 1.04        |
-----------------------------------------
[E2] ~0.0h remaining (672 steps left @ 0.06s/step)
-----------------------------------------
| rollout/                |             |
|    ep_len_mean          | 5.8         |
|    ep_rew_mean          | 0.00735     |
| time/                   |             |
|    eta_hours            | 0.0112      |
|    fps                  | 16          |
|    iterations           | 5           |
|    sec_per_step         | 0.0599      |
|    time_elapsed         | 77          |
|    total_timesteps      | 3328        |
| train/                  |             |
|    approx_kl            | 0.009768005 |
|    clip_fraction        | 0.0395      |
|    clip_range           | 0.2         |
|    entropy_loss         | -4.24       |
|    explained_variance   | 0.098       |
|    learning_rate        | 0.0001      |
|    loss                 | 0.27        |
|    n_updates            | 110         |
|    policy_gradient_loss | -0.0117     |
|    std                  | 0.994       |
|    value_loss           | 0.857       |
-----------------------------------------
[MF cached @ 3584] MAPE_f=100.00% MAPE_full=100.00% bias=+0.00% rankcorr=None → stay
[E2] ~0.0h remaining (416 steps left @ 0.06s/step)
-----------------------------------------
| rollout/                |             |
|    ep_len_mean          | 5.85        |
|    ep_rew_mean          | 0.00577     |
| time/                   |             |
|    eta_hours            | 0.00723     |
|    fps                  | 16          |
|    iterations           | 6           |
|    sec_per_step         | 0.0626      |
|    time_elapsed         | 95          |
|    total_timesteps      | 3584        |
| train/                  |             |
|    approx_kl            | 0.015262606 |
|    clip_fraction        | 0.105       |
|    clip_range           | 0.2         |
|    entropy_loss         | -4.24       |
|    explained_variance   | -0.157      |
|    learning_rate        | 0.0001      |
|    loss                 | 0.317       |
|    n_updates            | 120         |
|    policy_gradient_loss | -0.0224     |
|    std                  | 0.995       |
|    value_loss           | 1.11        |
-----------------------------------------
[E2] ~0.0h remaining (160 steps left @ 0.06s/step)
-----------------------------------------
| rollout/                |             |
|    ep_len_mean          | 5.74        |
|    ep_rew_mean          | 0.00168     |
| time/                   |             |
|    eta_hours            | 0.0026      |
|    fps                  | 16          |
|    iterations           | 7           |
|    sec_per_step         | 0.0584      |
|    time_elapsed         | 107         |
|    total_timesteps      | 3840        |
| train/                  |             |
|    approx_kl            | 0.015052843 |
|    clip_fraction        | 0.0992      |
|    clip_range           | 0.2         |
|    entropy_loss         | -4.24       |
|    explained_variance   | -0.0353     |
|    learning_rate        | 0.0001      |
|    loss                 | -0.0153     |
|    n_updates            | 130         |
|    policy_gradient_loss | -0.0164     |
|    std                  | 0.996       |
|    value_loss           | 0.503       |
-----------------------------------------
[E2 eval @ step 4049]  MAPE=100.00%  p90=100.00%  success(<5%)=0.0%  mean_scan_time=108.2s
[MF cached @ 4096] MAPE_f=100.00% MAPE_full=100.00% bias=+0.00% rankcorr=None → PROMOTE(target_plateau)
[MF] stage cached done in 2.2 min

[MF] ===== stage 2: full  (final) =====
[MF] full warm-start full-sim MAPE_pre=100.00%  (gap vs prev final: 0.0%)
Logging to runs/e2/mf_smoke/tb/analytic/PPO_1
[E2 eval @ step 4097]  MAPE=100.00%  p90=100.00%  success(<5%)=0.0%  mean_scan_time=108.7s
[E2 eval]  → new best MAPE 100.00% saved to runs/e2/mf_smoke/stage2_full/best
[E2] ~0.0h remaining (0 steps left @ 0.12s/step)
---------------------------------
| rollout/           |          |
|    ep_len_mean     | 5.92     |
|    ep_rew_mean     | 0.0103   |
| time/              |          |
|    eta_hours       | 0        |
|    fps             | 8        |
|    iterations      | 1        |
|    sec_per_step    | 0.117    |
|    time_elapsed    | 29       |
|    total_timesteps | 4352     |
---------------------------------
[E2] ~0.0h remaining (0 steps left @ 0.11s/step)
------------------------------------------
| rollout/                |              |
|    ep_len_mean          | 5.98         |
|    ep_rew_mean          | 0.0132       |
| time/                   |              |
|    eta_hours            | 0            |
|    fps                  | 10           |
|    iterations           | 2            |
|    sec_per_step         | 0.105        |
|    time_elapsed         | 50           |
|    total_timesteps      | 4608         |
| train/                  |              |
|    approx_kl            | 0.0132816695 |
|    clip_fraction        | 0.0871       |
|    clip_range           | 0.2          |
|    entropy_loss         | -4.25        |
|    explained_variance   | 0.078        |
|    learning_rate        | 0.0001       |
|    loss                 | 0.955        |
|    n_updates            | 150          |
|    policy_gradient_loss | -0.0137      |
|    std                  | 0.997        |
|    value_loss           | 1.3          |
------------------------------------------
[E2] ~0.0h remaining (0 steps left @ 0.10s/step)
-----------------------------------------
| rollout/                |             |
|    ep_len_mean          | 5.96        |
|    ep_rew_mean          | 0.00925     |
| time/                   |             |
|    eta_hours            | 0           |
|    fps                  | 10          |
|    iterations           | 3           |
|    sec_per_step         | 0.0976      |
|    time_elapsed         | 70          |
|    total_timesteps      | 4864        |
| train/                  |             |
|    approx_kl            | 0.010425531 |
|    clip_fraction        | 0.101       |
|    clip_range           | 0.2         |
|    entropy_loss         | -4.25       |
|    explained_variance   | -0.00288    |
|    learning_rate        | 0.0001      |
|    loss                 | 0.319       |
|    n_updates            | 160         |
|    policy_gradient_loss | -0.016      |
|    std                  | 0.997       |
|    value_loss           | 0.586       |
-----------------------------------------
[E2] ~0.0h remaining (0 steps left @ 0.09s/step)
-----------------------------------------
| rollout/                |             |
|    ep_len_mean          | 6.21        |
|    ep_rew_mean          | 0.00373     |
| time/                   |             |
|    eta_hours            | 0           |
|    fps                  | 11          |
|    iterations           | 4           |
|    sec_per_step         | 0.0926      |
|    time_elapsed         | 91          |
|    total_timesteps      | 5120        |
| train/                  |             |
|    approx_kl            | 0.020046845 |
|    clip_fraction        | 0.127       |
|    clip_range           | 0.2         |
|    entropy_loss         | -4.25       |
|    explained_variance   | 0.115       |
|    learning_rate        | 0.0001      |
|    loss                 | 0.257       |
|    n_updates            | 170         |
|    policy_gradient_loss | -0.0252     |
|    std                  | 0.996       |
|    value_loss           | 0.6         |
-----------------------------------------
[E2] ~0.0h remaining (0 steps left @ 0.09s/step)
-----------------------------------------
| rollout/                |             |
|    ep_len_mean          | 6.26        |
|    ep_rew_mean          | 0.00661     |
| time/                   |             |
|    eta_hours            | 0           |
|    fps                  | 11          |
|    iterations           | 5           |
|    sec_per_step         | 0.0894      |
|    time_elapsed         | 112         |
|    total_timesteps      | 5376        |
| train/                  |             |
|    approx_kl            | 0.011264462 |
|    clip_fraction        | 0.059       |
|    clip_range           | 0.2         |
|    entropy_loss         | -4.25       |
|    explained_variance   | 0.122       |
|    learning_rate        | 0.0001      |
|    loss                 | 0.151       |
|    n_updates            | 180         |
|    policy_gradient_loss | -0.0137     |
|    std                  | 0.996       |
|    value_loss           | 0.506       |
-----------------------------------------
[E2] ~0.0h remaining (0 steps left @ 0.08s/step)
-----------------------------------------
| rollout/                |             |
|    ep_len_mean          | 6.27        |
|    ep_rew_mean          | 0.0112      |
| time/                   |             |
|    eta_hours            | 0           |
|    fps                  | 11          |
|    iterations           | 6           |
|    sec_per_step         | 0.0835      |
|    time_elapsed         | 129         |
|    total_timesteps      | 5632        |
| train/                  |             |
|    approx_kl            | 0.012432532 |
|    clip_fraction        | 0.101       |
|    clip_range           | 0.2         |
|    entropy_loss         | -4.24       |
|    explained_variance   | -0.0303     |
|    learning_rate        | 0.0001      |
|    loss                 | 0.226       |
|    n_updates            | 190         |
|    policy_gradient_loss | -0.0185     |
|    std                  | 0.994       |
|    value_loss           | 1.09        |
-----------------------------------------
[E2] ~0.0h remaining (0 steps left @ 0.08s/step)
-----------------------------------------
| rollout/                |             |
|    ep_len_mean          | 6.33        |
|    ep_rew_mean          | 0.0113      |
| time/                   |             |
|    eta_hours            | 0           |
|    fps                  | 12          |
|    iterations           | 7           |
|    sec_per_step         | 0.08        |
|    time_elapsed         | 148         |
|    total_timesteps      | 5888        |
| train/                  |             |
|    approx_kl            | 0.017818568 |
|    clip_fraction        | 0.173       |
|    clip_range           | 0.2         |
|    entropy_loss         | -4.24       |
|    explained_variance   | 0.0538      |
|    learning_rate        | 0.0001      |
|    loss                 | 0.509       |
|    n_updates            | 200         |
|    policy_gradient_loss | -0.028      |
|    std                  | 0.993       |
|    value_loss           | 1.38        |
-----------------------------------------
[E2 eval @ step 6097]  MAPE=100.00%  p90=100.00%  success(<5%)=0.0%  mean_scan_time=103.2s
[E2] ~0.0h remaining (0 steps left @ 0.09s/step)
-----------------------------------------
| rollout/                |             |
|    ep_len_mean          | 6.4         |
|    ep_rew_mean          | 0.0122      |
| time/                   |             |
|    eta_hours            | 0           |
|    fps                  | 11          |
|    iterations           | 8           |
|    sec_per_step         | 0.0884      |
|    time_elapsed         | 175         |
|    total_timesteps      | 6144        |
| train/                  |             |
|    approx_kl            | 0.014942784 |
|    clip_fraction        | 0.0832      |
|    clip_range           | 0.2         |
|    entropy_loss         | -4.24       |
|    explained_variance   | 0.115       |
|    learning_rate        | 0.0001      |
|    loss                 | 0.354       |
|    n_updates            | 210         |
|    policy_gradient_loss | -0.018      |
|    std                  | 0.993       |
|    value_loss           | 1.21        |
-----------------------------------------
[E2] ~0.0h remaining (0 steps left @ 0.09s/step)
-----------------------------------------
| rollout/                |             |
|    ep_len_mean          | 6.4         |
|    ep_rew_mean          | 0.00896     |
| time/                   |             |
|    eta_hours            | 0           |
|    fps                  | 11          |
|    iterations           | 9           |
|    sec_per_step         | 0.0864      |
|    time_elapsed         | 196         |
|    total_timesteps      | 6400        |
| train/                  |             |
|    approx_kl            | 0.014946557 |
|    clip_fraction        | 0.167       |
|    clip_range           | 0.2         |
|    entropy_loss         | -4.23       |
|    explained_variance   | 0.0295      |
|    learning_rate        | 0.0001      |
|    loss                 | 0.615       |
|    n_updates            | 220         |
|    policy_gradient_loss | -0.0205     |
|    std                  | 0.992       |
|    value_loss           | 1.42        |
-----------------------------------------
[E2] ~0.0h remaining (0 steps left @ 0.08s/step)
-----------------------------------------
| rollout/                |             |
|    ep_len_mean          | 6.48        |
|    ep_rew_mean          | 0.00832     |
| time/                   |             |
|    eta_hours            | 0           |
|    fps                  | 11          |
|    iterations           | 10          |
|    sec_per_step         | 0.0822      |
|    time_elapsed         | 215         |
|    total_timesteps      | 6656        |
| train/                  |             |
|    approx_kl            | 0.015430078 |
|    clip_fraction        | 0.0973      |
|    clip_range           | 0.2         |
|    entropy_loss         | -4.23       |
|    explained_variance   | 0.208       |
|    learning_rate        | 0.0001      |
|    loss                 | 0.175       |
|    n_updates            | 230         |
|    policy_gradient_loss | -0.0162     |
|    std                  | 0.991       |
|    value_loss           | 0.424       |
-----------------------------------------
[E2] ~0.0h remaining (0 steps left @ 0.08s/step)
-----------------------------------------
| rollout/                |             |
|    ep_len_mean          | 6.62        |
|    ep_rew_mean          | 0.011       |
| time/                   |             |
|    eta_hours            | 0           |
|    fps                  | 12          |
|    iterations           | 11          |
|    sec_per_step         | 0.0786      |
|    time_elapsed         | 233         |
|    total_timesteps      | 6912        |
| train/                  |             |
|    approx_kl            | 0.012257823 |
|    clip_fraction        | 0.109       |
|    clip_range           | 0.2         |
|    entropy_loss         | -4.23       |
|    explained_variance   | 0.0355      |
|    learning_rate        | 0.0001      |
|    loss                 | 0.0581      |
|    n_updates            | 240         |
|    policy_gradient_loss | -0.0191     |
|    std                  | 0.99        |
|    value_loss           | 0.98        |
-----------------------------------------
[E2] ~0.0h remaining (0 steps left @ 0.08s/step)
-----------------------------------------
| rollout/                |             |
|    ep_len_mean          | 6.73        |
|    ep_rew_mean          | 0.0187      |
| time/                   |             |
|    eta_hours            | 0           |
|    fps                  | 12          |
|    iterations           | 12          |
|    sec_per_step         | 0.077       |
|    time_elapsed         | 252         |
|    total_timesteps      | 7168        |
| train/                  |             |
|    approx_kl            | 0.005274784 |
|    clip_fraction        | 0.0473      |
|    clip_range           | 0.2         |
|    entropy_loss         | -4.23       |
|    explained_variance   | -0.0167     |
|    learning_rate        | 0.0001      |
|    loss                 | 0.953       |
|    n_updates            | 250         |
|    policy_gradient_loss | -0.0115     |
|    std                  | 0.991       |
|    value_loss           | 1.18        |
-----------------------------------------
[E2] ~0.0h remaining (0 steps left @ 0.08s/step)
-----------------------------------------
| rollout/                |             |
|    ep_len_mean          | 6.63        |
|    ep_rew_mean          | 0.0187      |
| time/                   |             |
|    eta_hours            | 0           |
|    fps                  | 12          |
|    iterations           | 13          |
|    sec_per_step         | 0.0791      |
|    time_elapsed         | 273         |
|    total_timesteps      | 7424        |
| train/                  |             |
|    approx_kl            | 0.007153198 |
|    clip_fraction        | 0.0539      |
|    clip_range           | 0.2         |
|    entropy_loss         | -4.23       |
|    explained_variance   | 0.00273     |
|    learning_rate        | 0.0001      |
|    loss                 | 0.4         |
|    n_updates            | 260         |
|    policy_gradient_loss | -0.0137     |
|    std                  | 0.991       |
|    value_loss           | 1.47        |
-----------------------------------------
[E2] ~0.0h remaining (0 steps left @ 0.08s/step)
-----------------------------------------
| rollout/                |             |
|    ep_len_mean          | 6.58        |
|    ep_rew_mean          | 0.0171      |
| time/                   |             |
|    eta_hours            | 0           |
|    fps                  | 12          |
|    iterations           | 14          |
|    sec_per_step         | 0.0765      |
|    time_elapsed         | 291         |
|    total_timesteps      | 7680        |
| train/                  |             |
|    approx_kl            | 0.009203914 |
|    clip_fraction        | 0.0711      |
|    clip_range           | 0.2         |
|    entropy_loss         | -4.23       |
|    explained_variance   | 0.0227      |
|    learning_rate        | 0.0001      |
|    loss                 | 0.315       |
|    n_updates            | 270         |
|    policy_gradient_loss | -0.012      |
|    std                  | 0.99        |
|    value_loss           | 1.28        |
-----------------------------------------
[E2] ~0.0h remaining (0 steps left @ 0.08s/step)
----------------------------------------
| rollout/                |            |
|    ep_len_mean          | 6.59       |
|    ep_rew_mean          | 0.011      |
| time/                   |            |
|    eta_hours            | 0          |
|    fps                  | 12         |
|    iterations           | 15         |
|    sec_per_step         | 0.0762     |
|    time_elapsed         | 310        |
|    total_timesteps      | 7936       |
| train/                  |            |
|    approx_kl            | 0.01754775 |
|    clip_fraction        | 0.17       |
|    clip_range           | 0.2        |
|    entropy_loss         | -4.22      |
|    explained_variance   | 0.00968    |
|    learning_rate        | 0.0001     |
|    loss                 | 0.399      |
|    n_updates            | 280        |
|    policy_gradient_loss | -0.0236    |
|    std                  | 0.988      |
|    value_loss           | 0.836      |
----------------------------------------
[E2 eval @ step 8097]  MAPE=100.00%  p90=100.00%  success(<5%)=0.0%  mean_scan_time=102.4s
[E2] ~0.0h remaining (0 steps left @ 0.08s/step)
-----------------------------------------
| rollout/                |             |
|    ep_len_mean          | 6.6         |
|    ep_rew_mean          | 0.00889     |
| time/                   |             |
|    eta_hours            | 0           |
|    fps                  | 12          |
|    iterations           | 16          |
|    sec_per_step         | 0.0778      |
|    time_elapsed         | 331         |
|    total_timesteps      | 8192        |
| train/                  |             |
|    approx_kl            | 0.014011456 |
|    clip_fraction        | 0.077       |
|    clip_range           | 0.2         |
|    entropy_loss         | -4.22       |
|    explained_variance   | 0.0378      |
|    learning_rate        | 0.0001      |
|    loss                 | 0.0609      |
|    n_updates            | 290         |
|    policy_gradient_loss | -0.0132     |
|    std                  | 0.989       |
|    value_loss           | 1.08        |
-----------------------------------------
[MF] stage full done in 5.5 min

[MF] Curriculum done in 0.17 h. Final full-sim MAPE=100.00%
Policy → runs/e2/mf_smoke/policy.zip
Precompiling QalibreMDPhantom...
   7675.8 ms  ✓ QalibreMDPhantom
  1 dependency successfully precompiled in 10 seconds. 294 already precompiled.
