/home/arthur/y3/icr/.venv/lib/python3.10/site-packages/juliacall/__init__.py:61: UserWarning: torch was imported before juliacall. This may cause a segfault. To avoid this, import juliacall before importing torch. For updates, see https://github.com/pytorch/pytorch/issues/78829.
  warnings.warn(
Precompiling QalibreMDPhantom...
   7501.3 ms  ✓ QalibreMDPhantom
  1 dependency successfully precompiled in 10 seconds. 294 already precompiled.
[E2] Building train env (n_envs=1) …
[E2] Building eval env …
Using cpu device
Logging to runs/e2/ppo_runA_cached_1env/tb/PPO_1
---------------------------------
| rollout/           |          |
|    ep_len_mean     | 1.56     |
|    ep_rew_mean     | -1.52    |
| time/              |          |
|    fps             | 1        |
|    iterations      | 1        |
|    time_elapsed    | 256      |
|    total_timesteps | 512      |
---------------------------------
[E2] ~17.8h remaining (198976 steps left @ 0.32s/step)
------------------------------------------
| rollout/                |              |
|    ep_len_mean          | 1.52         |
|    ep_rew_mean          | -1.3         |
| time/                   |              |
|    eta_hours            | 17.8         |
|    fps                  | 2            |
|    iterations           | 2            |
|    sec_per_step         | 0.322        |
|    time_elapsed         | 421          |
|    total_timesteps      | 1024         |
| train/                  |              |
|    approx_kl            | 0.0022391947 |
|    clip_fraction        | 0.0121       |
|    clip_range           | 0.2          |
|    entropy_loss         | -4.25        |
|    explained_variance   | 0.0123       |
|    learning_rate        | 0.0001       |
|    loss                 | 1.31         |
|    n_updates            | 10           |
|    policy_gradient_loss | -0.00587     |
|    std                  | 0.998        |
|    value_loss           | 3.63         |
------------------------------------------
[E2] ~18.2h remaining (198464 steps left @ 0.33s/step)
------------------------------------------
| rollout/                |              |
|    ep_len_mean          | 1.6          |
|    ep_rew_mean          | -1.18        |
| time/                   |              |
|    eta_hours            | 18.2         |
|    fps                  | 2            |
|    iterations           | 3            |
|    sec_per_step         | 0.33         |
|    time_elapsed         | 599          |
|    total_timesteps      | 1536         |
| train/                  |              |
|    approx_kl            | 0.0125340335 |
|    clip_fraction        | 0.169        |
|    clip_range           | 0.2          |
|    entropy_loss         | -4.25        |
|    explained_variance   | 0.0414       |
|    learning_rate        | 0.0001       |
|    loss                 | 0.129        |
|    n_updates            | 20           |
|    policy_gradient_loss | -0.0169      |
|    std                  | 0.998        |
|    value_loss           | 1.99         |
------------------------------------------
[E2] ~18.4h remaining (197952 steps left @ 0.33s/step)
----------------------------------------
| rollout/                |            |
|    ep_len_mean          | 1.45       |
|    ep_rew_mean          | -1.25      |
| time/                   |            |
|    eta_hours            | 18.4       |
|    fps                  | 2          |
|    iterations           | 4          |
|    sec_per_step         | 0.334      |
|    time_elapsed         | 776        |
|    total_timesteps      | 2048       |
| train/                  |            |
|    approx_kl            | 0.00678122 |
|    clip_fraction        | 0.0545     |
|    clip_range           | 0.2        |
|    entropy_loss         | -4.25      |
|    explained_variance   | 0.0555     |
|    learning_rate        | 0.0001     |
|    loss                 | 1.18       |
|    n_updates            | 30         |
|    policy_gradient_loss | -0.0131    |
|    std                  | 0.996      |
|    value_loss           | 0.837      |
----------------------------------------
[E2] ~18.5h remaining (197440 steps left @ 0.34s/step)
-----------------------------------------
| rollout/                |             |
|    ep_len_mean          | 1.39        |
|    ep_rew_mean          | -1.19       |
| time/                   |             |
|    eta_hours            | 18.5        |
|    fps                  | 2           |
|    iterations           | 5           |
|    sec_per_step         | 0.338       |
|    time_elapsed         | 952         |
|    total_timesteps      | 2560        |
| train/                  |             |
|    approx_kl            | 0.018096618 |
|    clip_fraction        | 0.129       |
|    clip_range           | 0.2         |
|    entropy_loss         | -4.25       |
|    explained_variance   | 0.0197      |
|    learning_rate        | 0.0001      |
|    loss                 | 0.214       |
|    n_updates            | 40          |
|    policy_gradient_loss | -0.021      |
|    std                  | 0.997       |
|    value_loss           | 1.16        |
-----------------------------------------
