
[baseline_e2] Solving CR-optimal schedule (expected random-subset fleet=14 spheres, budget=240.0s) …
  best n_blocks = 4, L = 27.0961
  TIs (sorted)  = [0.031, 0.0358, 0.148, 0.5866]
  TRs (sorted)  = [0.6331, 0.8162, 1.2586, 4.7717]

[baseline_e2] Building Ernst-fixed-α baseline (fleet-median T1 = 0.233s) on the CR-opt timing …

[baseline_e2] Solving α-aware CR-optimal schedule (joint TI,TR,α; budget=240.0s) …
  best n_blocks = 6, L = 26.3275
  α (deg, sorted) = [90.0, 90.0, 90.0, 90.0, 90.0, 90.0]

[baseline_e2] Evaluating 'log_grid' on 24 eps (seeds 500000…500023)
  MAPE       = 100.00%  (95% CI 100.00–100.00%, SEM ±0.00%)
  p90 MAPE   = 100.00%
  Success<5% = 0.0%
  Mean time  = 128.0s (2.0 blocks)
  Per-active slot MAPE [%] (long-T1 → short-T1 within active episode):
    active slot  0:    73.4%
    active slot  1:    75.2%
    active slot  2:    84.4%
    active slot  3:    72.6%
    active slot  4:    74.8%
  Per-pool-sphere MAPE [%] (original 1-based T1_ARRAY index):
    pool  1:    73.4%  (n=24)
    pool  3:    75.2%  (n=24)
    pool  6:    84.4%  (n=24)
    pool  8:    72.6%  (n=24)
    pool 14:    74.8%  (n=24)

[baseline_e2] Evaluating 'clinical_irse' on 24 eps (seeds 500000…500023)
  MAPE       = 100.00%  (95% CI 100.00–100.00%, SEM ±0.00%)
  p90 MAPE   = 100.00%
  Success<5% = 0.0%
  Mean time  = 160.0s (2.0 blocks)
  Per-active slot MAPE [%] (long-T1 → short-T1 within active episode):
    active slot  0:    73.4%
    active slot  1:    75.2%
    active slot  2:    84.4%
    active slot  3:    72.6%
    active slot  4:    74.8%
  Per-pool-sphere MAPE [%] (original 1-based T1_ARRAY index):
    pool  1:    73.4%  (n=24)
    pool  3:    75.2%  (n=24)
    pool  6:    84.4%  (n=24)
    pool  8:    72.6%  (n=24)
    pool 14:    74.8%  (n=24)

[baseline_e2] Evaluating 'log_grid_trmatched' on 24 eps (seeds 500000…500023)
  MAPE       = 5.60%  (95% CI 5.09–6.13%, SEM ±0.27%)
  p90 MAPE   = 7.08%
  Success<5% = 37.5%
  Mean time  = 217.6s (5.0 blocks)
  Per-active slot MAPE [%] (long-T1 → short-T1 within active episode):
    active slot  0:     5.4%
    active slot  1:     5.5%
    active slot  2:     5.7%
    active slot  3:     6.0%
    active slot  4:     5.3%
  Per-pool-sphere MAPE [%] (original 1-based T1_ARRAY index):
    pool  1:     5.4%  (n=24)
    pool  3:     5.5%  (n=24)
    pool  6:     5.7%  (n=24)
    pool  8:     6.0%  (n=24)
    pool 14:     5.3%  (n=24)

[baseline_e2] Evaluating 'cr_optimal' on 24 eps (seeds 500000…500023)
  MAPE       = 12.32%  (95% CI 9.11–16.32%, SEM ±1.95%)
  p90 MAPE   = 23.70%
  Success<5% = 4.2%
  Mean time  = 239.3s (4.0 blocks)
  Per-active slot MAPE [%] (long-T1 → short-T1 within active episode):
    active slot  0:    15.3%
    active slot  1:    10.8%
    active slot  2:    14.7%
    active slot  3:    13.6%
    active slot  4:     7.3%
  Per-pool-sphere MAPE [%] (original 1-based T1_ARRAY index):
    pool  1:    15.3%  (n=24)
    pool  3:    10.8%  (n=24)
    pool  6:    14.7%  (n=24)
    pool  8:    13.6%  (n=24)
    pool 14:     7.3%  (n=24)

[baseline_e2] Evaluating 'ernst_fixed' on 24 eps (seeds 500000…500023)
  MAPE       = 13.04%  (95% CI 8.70–18.17%, SEM ±2.47%)
  p90 MAPE   = 28.27%
  Success<5% = 12.5%
  Mean time  = 239.3s (4.0 blocks)
  Per-active slot MAPE [%] (long-T1 → short-T1 within active episode):
    active slot  0:    18.3%
    active slot  1:     9.5%
    active slot  2:    19.5%
    active slot  3:     8.4%
    active slot  4:     9.5%
  Per-pool-sphere MAPE [%] (original 1-based T1_ARRAY index):
    pool  1:    18.3%  (n=24)
    pool  3:     9.5%  (n=24)
    pool  6:    19.5%  (n=24)
    pool  8:     8.4%  (n=24)
    pool 14:     9.5%  (n=24)

[baseline_e2] Evaluating 'cr_optimal_alpha' on 24 eps (seeds 500000…500023)
  MAPE       = 8.11%  (95% CI 7.08–9.20%, SEM ±0.54%)
  p90 MAPE   = 10.96%
  Success<5% = 8.3%
  Mean time  = 239.7s (6.0 blocks)
  Per-active slot MAPE [%] (long-T1 → short-T1 within active episode):
    active slot  0:     5.7%
    active slot  1:    11.5%
    active slot  2:     5.9%
    active slot  3:    11.1%
    active slot  4:     6.2%
  Per-pool-sphere MAPE [%] (original 1-based T1_ARRAY index):
    pool  1:     5.7%  (n=24)
    pool  3:    11.5%  (n=24)
    pool  6:     5.9%  (n=24)
    pool  8:    11.1%  (n=24)
    pool 14:     6.2%  (n=24)

[baseline_e2] Evaluating oracle CR-optimal on 24 sampled subsets
  MAPE       = 10.36%
  p90 MAPE   = 15.63%
  Success<5% = 0.0%
  Mean time  = 239.2s (4.0 blocks)
  Unique subsets solved = 1

[baseline_e2] Summary → runs/e2/baseline_5sphere_runB/baseline_summary.json
